

Quand affiche l'env entier, SHLVL = n. Si fait env | grep SHLVL dans le meme shell sans modifier la variable entre temps, SHLVL = n - 1. d'ou ???



export l="ls -la"
$ cat $l$l
cat: ls: No such file or directory
-> ca boucle, pourquoi ? ca marche avec juste cat $l


$ unset PWD
$ 
free(): invalid pointer


------------------------ EN DESSOUS : DEJA GERE --------------------------------


$ export a=coucou
$ unset a
$ export
[1]    52672 segmentation fault  env -i ./minishell


pwd
/mnt/nfs/homes/hlesny/42/42cursus/42_minimichel
$ cd ..
$ pwd
/mnt/nfs/homes/hlesny/42/42cursus
$ unset PWD
coucou depuis ft_unset()
$ owd
[1]    201146 segmentation fault (core dumped)  ./minishell


$ $
[1]    37563 segmentation fault  ./minishell
Aussi Ã  tester : $$$ (ie succession de plusieurs $)


$ $bb$khvlvkj$
minishell : $khvlvkj$ : command not found


A repliquer : (pour l'instant "" ou '' redonne juste le prompt)
bash-5.1$ ''
bash: : command not found
bash-5.1$ cat ""
cat: '': No such file or directory

A repliquer pour le builtin cd :
bash-5.1$ cd /
bash-5.1$ pwd
/
bash-5.1$ cd //
bash-5.1$ pwd
//
bash-5.1$ cd /////
bash-5.1$ pwd     
/
bash-5.1$ cd /////User
bash: cd: /////User: No such file or directory
bash-5.1$ pwd         
/
bash-5.1$ cd ///////////
bash-5.1$ ls
bin   home	      lib32	  media  root  sys  vmlinuz
boot  initrd.img      lib64	  mnt	 run   tmp  vmlinuz.old
dev   initrd.img.old  libx32	  opt	 sbin  usr
etc   lib	      lost+found  proc	 srv   var
bash-5.1$ cd ///////////usr
bash-5.1$ pwd              
/usr
